 3  1  1  9  2  1  0  0  0  0  0  0  0
 0  0  2  10  5  0  0  0
4
 1  2  8  3  1  1  0  0  0  0  0  0
"Bem-vindo Ö mans∆o doDoutor Louco!                             "
 1  0  0
 4
 1  2  8  3  1  1  1  0  0  0  0  0
"Muitos j† entraram...Mas ninguÇm sobrevi- veu! Huhuhuhuahaha!  "
 2  0  0
 4
 1  2  8  3  1  1  2  0  0  0  0  0
"A tv n∆o sintonisa!  N∆o importa o canal!                      "
 2  0  0
 4
 1  2  12  3  1  1  0  0  0  0  0  0
"Bem-Vindo Ö mans∆o doDoutor Louco!                             "
 1  0  0
 4
 1  2  12  3  1  1  1  0  0  0  0  0
"Muitos j† entraram...Mas ninguÇm sobrevi- veu! Huhuhuhuhahahaha"
 2  0  0
 4
 1  2  12  3  1  1  2  0  0  0  0  0
"A Tv n∆o sintonisa.  N∆o importa o canal!                      "
 2  0  0
 4
 1  2  6  4  4  0  0  0  0  0  0  0
"Muitas aranhas e mui-tas baratas!                              "
 0  0  0
 4
 1  2  14  4  2  0  0  0  0  0  0  0
"Esconde-se um formi- gueiro por debaixo dosof†!                "
 0  0  0
 2  1  3  8  3  1  2  0  0  0  0  0  0
"Um fac∆o       "
 2  7  1  0  0
 2  1  3  12  3  1  3  0  0  0  0  0  0
"Machado!       "
 2  10  1  0  0

 3  1  2  10  2  1  0  0  0  0  0  0  0
 0  0  3  10  5  0  0  0
 5  1  4  13  3  2  4  0  7  0  0  0  0
"Coruja              "
"Acione os PC's na or-dem correta e vocà i-r† ganhar uma chave! "
 0  0  0  0    0
 5  1  4  13  3  2  4  1  7  0  0  0  0
"Coruja              "
"Vocà ganhar† uma cha-ve se acionar os Pc'sna ordem correta!    "
 1  0  0  0    0
 3  1  3  6  2  1  0  0  0  0  0  0  0
 0  0  4  18  6  0  0  0
 3  1  4  18  6  3  0  0  0  0  0  0  0
 0  0  3  6  2  0  0  0
 4
 1  3  10  2  1  4  0  0  0  0  0  0
"S∆o necess†rias duas chaves douradas para entrar aqui!         "
 0  0  0
 4
 1  3  10  2  1  4  1  19  0  0  0  0
"S∆o necess†rias duas chaves douradas para entrar aqui!         "
 1  0  0
 4
 1  3  10  2  1  19  1  4  0  0  0  0
"S∆o necess†rias duas chaves douradas para entrar aqui!         "
 1  0  0
 2  1  4  12  4  4  5  0  0  0  0  0  0
"Sandu°che      "
 1  10  1  0  0
 2  1  4  17  4  2  6  0  0  0  0  0  0
"Sandu°che      "
 2  10  1  0  0
 4
 1  4  6  5  1  7  0  0  0  0  0  0
"Precisa de uma chave prateada para entrar aqui!                "
 0  0  0
 2  1  5  17  3  1  8  0  0  0  0  0  2
"Livro          "
 4  9  1  0  0
 2  1  5  17  3  1  8  0  0  0  0  0 -2
"µgua           "
 1  5  1  0  0
 4
 1  5  12  3  1  0  0  0  0  0  0  0
"Algumas imagens podemser vistas de vez em quando! Tenebroso!   "
 0  0  0
 4
 1  5  13  4  2  0  0  0  0  0  0  0
"Revistas de robìs mu-lheres peladas.......                     "
 0  0  0
 6  1  5  13  4  4  7  0  0  0  0  0  0
"E-103               "
"Alerta de intruso!                                             "
 1  0  0  6  20  3  4  0
 3  1  4  17  2  1  0  0  0  0  0  0  0
 0  0  5  17  6  0  0  0
 3  1  4  12  2  1  0  0  0  0  0  0  0
 0  0  5  12  6  0  0  0
 3  1  5  12  6  3  0  0  0  0  0  0  0
 0  0  4  12  2  0  0  0
 3  1  5  17  6  3  0  0  0  0  0  0  0
 0  0  4  17  2  0  0  0
 4
 1  5  13  4  4  7  1  0  0  0  0  0
"Sucata velha!                                                  "
 1  0  0
 3  1  4  6  5  1  7  1  0  0  0  0  0
 0  0  0  6  3  1  0  0
 4
 1  4  6  3  1  9  0  0  0  0  0  0
"Sequància errada!    Recomece!                                 "
 0  0  0
 4
 1  4  6  3  1  9  1  0  0  0  0  0
"Sequància errada!    Recomece!                                 "
 0  0  0
 4
 1  4  4  3  1  9  0  0  0  0  0  0
"Sequància correta!   Computador acionado!                      "
 1  0  0
 4
 1  4  4  3  1  9  1  0  0  0  0  0
"Sequància errada!    Recomece!                                 "
 0  0  0
 4
 1  4  4  3  1  9  2  0  0  0  0  0
"Sequància errada!    Recomece!                                 "
 0  0  0
 4
 1  4  8  3  1  9  0  0  0  0  0  0
"Sequància errada!    Recomece!                                 "
 0  0  0

 4
 1  4  8  3  1  9  1  0  0  0  0  0
"Sequància correta!   Computador acionado!                      "
 2  0  0
 4
 1  4  8  3  1  9  2  0  0  0  0  0
"Sequància errada!    Recomece                                  "
 0  0  0
 4
 1  4  6  3  1  9  2  0  0  0  0  0
"Sequància correta!   Arm†rio destravado!                       "
 3  0  0
 3  1  4  6  3  3  0  0  0  0  0  0  0
 0  0  0  6  5  0  0  0
 4
 1  4  9  3  1  9  0  0  0  0  0  0
"Arm†rio travado!                                               "
 0  0  0
 4
 1  4  9  3  1  9  1  0  0  0  0  0
"Arm†rio travado!                                               "
 1  0  0
 4
 1  4  9  3  1  9  2  0  0  0  0  0
"Arm†rio travado!                                               "
 2  0  0
 2  1  4  9  3  1  9  3  4  0  0  0  0
"Chave!         "
 3  6  4  1  0
 2  1  4  9  3  1  9  3  4  1  0  0  0
"Chave!         "
 3  6  3  2  0

 5  1  4  13  3  2  7  1  0  0  0  0  0
"Coruja              "
"Uhu! Uhu!                                                      "
 1  0  0  0    0
 4
 1  6  17  2  1  10  0  0  0  0  0  0
"Precisa de uma chave prateada para entrar aqui!                "
 0  0  0
 5  1  6  2  3  2  10  0  0  0  0  0  0
"Coruja              "
"Derrote os robìs paraa passagem secreta doarm†rio se abrir!    "
 0  0  0  0    0
 6  1  6  9  3  4  11  0  0  0  0  0  0
"E-103               "
"Alerta de intruso in-vasor que invadiu!                        "
 1  0  0  6  15  0  0  0
 2  1  6  10  3  1  12  0  0  0  0  0  3
"Livro          "
 4  10  1  0  0
 3  1  3  14  2  1  0  0  0  0  0  0  0
 0  0  6  2  6  0  0  0
 3  1  6  2  6  3  0  0  0  0  0  0  0
 0  0  3  14  2  0  0  0
 3  1  6  10  5  1  16  1  0  0  0  0  0
 0  0  0  10  3  1  0  0
 3  1  6  10  3  3  0  0  0  0  0  0  0
 0  0  0  10  5  0  0  0
 2  1  6  10  3  1  12  0  0  0  0  0  -3
"µgua           "
 1  5  1  0  0
 6  1  6  13  3  4  13  0  0  0  0  0  0
"E-103               "
"Alerta! Tzzzzz!                                                "
 1  0  0  6  15  0  0  0
 4
 1  6  9  3  4  11  1  0  0  0  0  0
"Que lixo!                                                      "
 1  0  0
 4
 1  6  13  3  4  13  1  0  0  0  0  0
"Pois Ç! Agora ele de-ve estar no inferno  dos robìs! huhuhua!  "
 1  0  0
 2  1  6  16  5  1  14  0  0  0  0  0  0
"L°quido cinza  "
 1  14  1  0  0
 2  1  6  17  5  1  15  0  0  0  0  0  0
"L°quido        "
 1  15  1  0  0

 4
 1  6  17  5  1  15  1  16  0  0  0  0
"Vocà destravou a por-ta pelo fog∆o!                            "
 1  1  0
 4
 1  6  10  5  1  16  0  0  0  0  0  0
"Porta travada!                                                 "
 0  0  0
 3  1  6  10  3  1  11  1  13  1  0  0  0
 0  0  7  10  6  1  1  0
 3  1  7  10  6  3  0  0  0  0  0  0  0
 0  0  6  10  3  0  0  0

 4
 1  7  9  5  1  17  0  0  0  0  0  0
"Computador 1 acionado                                          "
 1  0  0
 4
 1  7  11  5  1  17  1  0  0  0  0  0
"Computador 2 acionado                                          "
 2  0  0
 4
 1  7  12  3  1  17  2  0  0  0  0  0
"Computador 3 acionado                                          "
 3  0  0
 4
 1  7  8  3  1  17  3  0  0  0  0  0
"Computador 4 acionadoArm†rio destravado!                       "
 4  0  0
 2  1  7  10  3  1  10  0  17  4  0  0  0
"Chave prata    "
 3  5  1  4  0

 3  1  6  17  2  1  10  1  0  0  0  0  0
 0  0  7  17  6  1  0  0
 5  1  6  2  3  2  10  1  0  0  0  0  0
"Coruja              "
"Uhu! Uhu!                                                      "
 1  0  0  0    0
 3  1  7  17  6  3  0  0  0  0  0  0  0
 0  0  6  17  2  0  0  0
 4
 1  7  16  4  4  0  0  0  0  0  0  0
"O robì est† destru°do                                          "
 0  0  0
 5  1  7  17  5  1  18  0  0  0  0  0  1
"CÇlia               "
"ê isso a° filh∆o va- mos d† uns agito!   Yeah! C'mom baby now! "
 1  0  0  0    0
 5  1  7  17  5  1  18  1  19  0  0  0  0
"CÇlia               "
"A chave de ouro t† a-li no armariozinho daTv. Pega l†.         "
 1  0  0  0    0

 2  1  7  16  3  1  19  0  0  0  0  0  0
"Chave de ouro  "
 3  7  1  0  0
 4
 1  7  16  3  1  19  1  0  0  0  0  0
"Um show de rock pau- lera dos anos 70.    Interessante...      "
 1  0  0

 5  1  7  17  5  1  18  1  19  1  0  0  0
"CÇlia               "
"Yeah! Yeah! Yeah!                                              "
 1  1  0  0    0
 3  1  3  10  2  1  4  1  19  1  0  0  0
 0  2  1  10  5  1  1  0
 3  2  1  16  3  2  0  0  0  0  0  0  0
 0  1  7  2  3  0  0  0
 3  1  7  2  0  4  0  0  0  0  0  0  0
 0  2  1  16  3  0  0  0

 2  1  7  4  3  1  20  0  0  0  0  0  4
"Livro          "
 4  12  1  0  0
 2  1  7  4  3  1  20  0  0  0  0  0  -4
"µgua           "
 1  5  1  0  0

 4
 2  1  8  3  1  0  0  0  0  0  0  0
"Vocà pode ter chegadoaqui! Mas n∆o sair†  vivo! Huhuhuhahahah! "
 0  0  0
 4
 2  1  12  3  1  0  0  0  0  0  0  0
"Vocà pode ter chegadoaqui! Mas n∆o sair†  vivo! Huhuhuhahaha!  "
 0  0  0
 4
 2  2  10  2  1  21  0  0  0  0  0  0
"Vocà precisa da chavemestra para entrar!                       "
 0  0  0
 3  2  1  10  2  1  0  0  0  0  0  0  0
 0  0  2  10  5  0  0  0
 2  2  2  8  3  1  22  0  0  0  0  0  0
"Metralhadora   "
 2  14  1  0  0
 2  2  2  12  3  1  23  0  0  0  0  0  0
"Granada        "
 2  15  1  0  0
 5  2  3  15  3  2  24  0  0  0  0  0  0
"Coruja              "
"Treine lutando contraos robìs antes de en-frentar o Fellipe.   "
 0  0  0  0    0
 2  2  3  14  3  1  25  0  0  0  0  0  0
"Big-Mek        "
 1  12  1  0  0
 2  2  3  10  3  1  28  0  0  0  0  0  0
"Elixir         "
 1  16  1  0  0
 4
 2  3  6  3  1  0  0  0  0  0  0  0
"Uma estranha interfe-rencia faz uma pessoaestranha aparecer!   "
 0  0  0
 6  2  3  11  4  4  0  0  0  0  0  0  0
"E-103               "
"Intruder Alert!                                                "
 0  0  0  6  10  0  0  0
 6  2  3  8  4  4  0  0  0  0  0  0  0
"E-103               "
"A-LER-TA IN-TRU-SO!                                            "
 0  0  0  6  15  0  0  0
 6  2  3  9  2  4  0  0  0  0  0  0  0
"E-103               "
"..............................................................."
 0  0  0  6  25  0  0  0

 3  2  2  6  2  1  0  0  0  0  0  0  0
 0  0  3  18  6  0  0  0
 3  2  3  18  6  3  0  0  0  0  0  0  0
 0  0  2  6  2  0  0  0
 6  2  3  3  3  4  24  0  29  0  0  0  0
"Fellipe             "
"AGORA vocà vai morrere ponto final!                            "
 1  1  0  2  35  1  9  0
 4
 2  3  3  3  4  24  1  0  0  0  0  0
"Est† desacordado!                                              "
 1  0  0

 5  2  4  2  3  2  26  0  0  0  0  0  0
"Coruja              "
"Use suas armas! Pois o Maicon tem grande  defesa contra golpes."
 0  0  0  0    0
 5  2  4  2  3  2  26  1  0  0  0  0  0
"Coruja              "
"Uhu! Uhu!                                                      "
 1  0  0  0    0
 4
 2  4  15  3  1  0  0  0  0  0  0  0
"Est† desligada!                                                "
 0  0  0
 3  2  2  14  2  1  0  0  0  0  0  0  0
 0  0  4  2  6  0  0  0
 3  2  4  2  6  3  0  0  0  0  0  0  0
 0  0  2  14  2  0  0  0
 5  2  3  15  3  2  24  1  0  0  0  0  0
"Coruja!             "
"Uhu! Uhu!                                                      "
 1  0  0  0    0
 3  2  4  12  5  1  0  0  0  0  0  0  0
 0  0  0  12  3  0  0  0
 3  2  4  12  3  3  0  0  0  0  0  0  0
 0  0  0  12  5  0  0  0
 4
 2  4  12  2  1  29  0  0  0  0  0  0
"Est† travada!                                                  "
 0  0  0
 6  2  4  8  2  4  26  0  0  0  0  0  0
"Maicon              "
"N∆o vou deixar voc“  vivo com vida!                            "
 1  0  0  7  30  1  4  0
 3  2  4  12  2  1  29  1  0  0  0  0  0
 0  0  5  12  6  1  0  0
 3  2  5  12  6  3  0  0  0  0  0  0  0
 0  0  4  12  2  0  0  0
 4
 2  5  12  3  1  26  0  0  0  0  0  0
"Est† travada! Talvez seja necess†rio mataro Maicon!            "
 0  0  0
 2  2  5  12  3  1  26  1  21  0  0  0  0
"Chave mestra   "
 3  8  1  1  0

 4
 2  4  8  2  4  26  1  0  0  0  0  0
"Est† desacordado!                                              "
 1  0  0
 4
 2  5  12  5  1  0  0  0  0  0  0  0
"Hmmm...              Sonic Adventure!     ¢timo jogo!          "
 0  0  0
 4
 2  5  10  3  1  0  0  0  0  0  0  0
"Muitos papÇis com os planos de um tal Dr. Louco!               "
 0  0  0
 2  2  5  14  3  1  27  0  0  0  0  0  1
"Livro          "
 4  11  1  0  0
 4
 2  5  14  3  1  0  0  0  0  0  0  0
"Fotos asustadoras!                                             "
 0  0  0

 3  2  2  10  2  1  21  1  0  0  0  0  0
 0  0  6  10  5  1  0  0
 4
 2  6  8  3  1  0  0  0  0  0  0  0
"PREPARE-SE PARA A SUA       MORTE!                             "
 0  0  0
 4
 2  6  12  3  1  0  0  0  0  0  0  0
"PREPARE-SE PARA A SUA       MORTE!                             "
 0  0  0

 3  2  6  10  2  1  0  0  0  0  0  0  0
 0  0  7  10  5  0  0  0
 4
 2  7  5  5  1  0  0  0  0  0  0  0
"Voc“ vai morrer!                                               "
 0  0  0
 4
 2  7  15  5  1  0  0  0  0  0  0  0
"Vocà j† era!                                                   "
 0  0  0
 4
 2  7  7  3  1  0  0  0  0  0  0  0
"Na TV aparece vocà   sendo assassinado!!!!                     "
 0  0  0
 4
 2  7  13  3  1  0  0  0  0  0  0  0
"Na Tv aparece vocà   sendo assassinado!!!!                     "
 0  0  0
 3  2  1  10  6  3  0  0  0  0  0  0  0
 0  1  3  10  2  0  0  0
 3  2  2  10  6  3  0  0  0  0  0  0  0
 0  0  1  10  2  0  0  0
 6  2  7  10  3  1  30  0  0  0  0  0  0
"Dr. Louco           "
"Vocà ir† se tornar umdos meus escravos!   Huahuahuahauhuahua!  "
 1  0  0  8  50  0  0  0

