"Misto quente   ", "               ", 10 0 0 0 0 0
"X-Salada       ", "               ", 20 0 0 0 0 0
"X-Burguer      ", "               ", 50 0 0 0 0 0
"X-Tudo         ", "               ", 100 0 5 5 0 0
"µgua mineral   ", "               ", 5 0 0 0 0 0
"Suco Natural   ", "               ", 20 0 0 0 0 0
"Coka-Colla     ", "               ", 30 0 0 0 0 0
"Capeta         ", "               ", 100 0 5 -5 0 0
"Mek-Fritas     ", "               ", 70 0 0 0 0 0
"Mek-Chicken    ", "               ", 150 0 0 0 0 0
"Mek-Bacon      ", "               ", 300 0 0 0 0 0
"Big-Mek        ", "               ", 500 0 0 0 0 0
"Elixir ataque  ", "               ", 0 0 1 1 0 0
"Elixir defesa  ", "               ", 0 0 2 1 0 0
"Elixir magia   ", "               ", 0 0 3 1 0 0
"Elixir veloz   ", "               ", 0 0 4 1 0 0
"Pedaáo madeira ", "               ", 0 -5 0 0 0 0
"Pedra          ", "               ", 0 -10 0 0 0 0
"Estilete       ", "               ", 0 -20 0 0 0 0
"Faca           ", "               ", 0 -40 0 0 0 0
"Zarabatana     ", "               ", 0 -15 0 0 0 0
"Cacetete       ", "               ", 0 -30 0 0 0 0
"Fac∆o          ", "               ", 0 -60 0 0 0 0
"Tridente       ", "               ", -5 -100 0 0 0 0
"Lanáa          ", "               ", 0 -50 0 0 0 0
"Machado        ", "               ", 0 -100 0 0 0 0
"Adaga          ", "               ", 0 -150 0 0 0 0
"Espada         ", "               ", 0 -200 0 0 0 0
"Rev¢lver       ", "               ", 0 -90 0 0 0 0
"Metralhadora   ", "               ", 0 -240 0 0 0 0
"Granada de m∆o ", "               ", 0 -300 0 0 0 0
"Bazuca         ", "               ", -200 -1000 0 0 0 0
"Chave comum    ", "               ", 0 0 0 0 0 0
"Chave comum    ", "               ", 0 0 0 0 0 0
"Chave comum    ", "               ", 0 0 0 0 0 0
"Chave prateada ", "               ", 0 0 0 0 0 0
"Chave prateada ", "               ", 0 0 0 0 0 0
"Chave dourada  ", "               ", 0 0 0 0 0 0
"Chave dourada  ", "               ", 0 0 0 0 0 0
"Chave mestra   ", "               ", 0 0 0 0 0 0
"Chave          ", "               ", 0 0 0 0 0 0
"Chave          ", "               ", 0 0 0 0 0 0
"Chave          ", "               ", 0 0 0 0 0 0
"Chave          ", "               ", 0 0 0 0 0 0
"Chave          ", "               ", 0 0 0 0 0 0
"Chave          ", "               ", 0 0 0 0 0 0
"Chave          ", "               ", 0 0 0 0 0 0
"Chave          ", "               ", 0 0 0 0 0 0
"Telefone       ", "               ", 0 0 0 0 0 0
"Livro capoeira ", "Rasteira       ", 0 0 0 0 0 0
"Fita N64       ", "Gancho         ", 0 0 0 0 0 0
"P∆o            ", "               ", 2 0 0 0 0 0
"Soro           ", "               ", 0 0 0 0 0 0
"Livro Karatà   ", "Voadora        ", 0 0 0 0 0 0
"Fita de v°deo  ", "Estrela        ", 0 0 0 0 0 0
"Medalh∆o       ", "               ", 0 0 0 0 0 0
"Livro de Luta  ", "Agilidade      ", 0 0 0 0 0 0
"Livro de Luta  ", "Cristal        ", 0 0 0 0 0 0
"Livro de Luta  ", "Execuá∆o       ", 0 0 0 0 0 0
"Livro de Luta  ", "Explos∆o       ", 0 0 0 0 0 0
"Livro Karatà   ", "Voadora        ", 0 0 0 0 0 0
"Livro Karatà   ", "Voadora        ", 0 0 0 0 0 0
"Livro Karatà   ", "Voadora        ", 0 0 0 0 0 0
"Livro Karatà   ", "Voadora        ", 0 0 0 0 0 0

